Collecting fastapi==0.115.12 (from -r C:/Users/GCCHackVM/hackthon/PNCAgent/PNCAI/backend/requirements.txt (line 1))
  Using cached fastapi-0.115.12-py3-none-any.whl.metadata (27 kB)
Collecting uvicorn==0.34.0 (from uvicorn[standard]==0.34.0->-r C:/Users/GCCHackVM/hackthon/PNCAgent/PNCAI/backend/requirements.txt (line 2))
  Using cached uvicorn-0.34.0-py3-none-any.whl.metadata (6.5 kB)
Collecting pydantic==2.11.3 (from -r C:/Users/GCCHackVM/hackthon/PNCAgent/PNCAI/backend/requirements.txt (line 3))
  Using cached pydantic-2.11.3-py3-none-any.whl.metadata (65 kB)
Collecting pydantic-settings==2.9.1 (from -r C:/Users/GCCHackVM/hackthon/PNCAgent/PNCAI/backend/requirements.txt (line 4))
  Using cached pydantic_settings-2.9.1-py3-none-any.whl.metadata (3.8 kB)
Collecting sqlalchemy==2.0.40 (from -r C:/Users/GCCHackVM/hackthon/PNCAgent/PNCAI/backend/requirements.txt (line 5))
  Using cached sqlalchemy-2.0.40-py3-none-any.whl.metadata (9.6 kB)
Collecting psycopg==3.2.6 (from psycopg[binary]==3.2.6->-r C:/Users/GCCHackVM/hackthon/PNCAgent/PNCAI/backend/requirements.txt (line 6))
  Using cached psycopg-3.2.6-py3-none-any.whl.metadata (4.4 kB)
Collecting alembic==1.15.2 (from -r C:/Users/GCCHackVM/hackthon/PNCAgent/PNCAI/backend/requirements.txt (line 7))
  Using cached alembic-1.15.2-py3-none-any.whl.metadata (7.3 kB)
Requirement already satisfied: httpx==0.28.1 in C:\Python314\Lib\site-packages (from -r C:/Users/GCCHackVM/hackthon/PNCAgent/PNCAI/backend/requirements.txt (line 8)) (0.28.1)
Collecting pytest==8.3.5 (from -r C:/Users/GCCHackVM/hackthon/PNCAgent/PNCAI/backend/requirements.txt (line 9))
  Using cached pytest-8.3.5-py3-none-any.whl.metadata (7.6 kB)
Collecting starlette<0.47.0,>=0.40.0 (from fastapi==0.115.12->-r C:/Users/GCCHackVM/hackthon/PNCAgent/PNCAI/backend/requirements.txt (line 1))
  Using cached starlette-0.46.2-py3-none-any.whl.metadata (6.2 kB)
Requirement already satisfied: typing-extensions>=4.8.0 in C:\Python314\Lib\site-packages (from fastapi==0.115.12->-r C:/Users/GCCHackVM/hackthon/PNCAgent/PNCAI/backend/requirements.txt (line 1)) (4.16.0)
Requirement already satisfied: annotated-types>=0.6.0 in C:\Python314\Lib\site-packages (from pydantic==2.11.3->-r C:/Users/GCCHackVM/hackthon/PNCAgent/PNCAI/backend/requirements.txt (line 3)) (0.8.0)
Collecting pydantic-core==2.33.1 (from pydantic==2.11.3->-r C:/Users/GCCHackVM/hackthon/PNCAgent/PNCAI/backend/requirements.txt (line 3))
  Using cached pydantic_core-2.33.1.tar.gz (434 kB)
  Installing build dependencies: started
  Installing build dependencies: finished with status 'done'
  Getting requirements to build wheel: started
  Getting requirements to build wheel: finished with status 'done'
  Installing backend dependencies: started
  Installing backend dependencies: finished with status 'done'
  Preparing metadata (pyproject.toml): started
  Preparing metadata (pyproject.toml): finished with status 'done'
Requirement already satisfied: typing-inspection>=0.4.0 in C:\Python314\Lib\site-packages (from pydantic==2.11.3->-r C:/Users/GCCHackVM/hackthon/PNCAgent/PNCAI/backend/requirements.txt (line 3)) (0.4.4)
Requirement already satisfied: click>=7.0 in C:\Python314\Lib\site-packages (from uvicorn==0.34.0->uvicorn[standard]==0.34.0->-r C:/Users/GCCHackVM/hackthon/PNCAgent/PNCAI/backend/requirements.txt (line 2)) (8.5.0)
Requirement already satisfied: h11>=0.8 in C:\Python314\Lib\site-packages (from uvicorn==0.34.0->uvicorn[standard]==0.34.0->-r C:/Users/GCCHackVM/hackthon/PNCAgent/PNCAI/backend/requirements.txt (line 2)) (0.16.0)
Requirement already satisfied: python-dotenv>=0.21.0 in C:\Python314\Lib\site-packages (from pydantic-settings==2.9.1->-r C:/Users/GCCHackVM/hackthon/PNCAgent/PNCAI/backend/requirements.txt (line 4)) (1.2.3)
Collecting tzdata (from psycopg==3.2.6->psycopg[binary]==3.2.6->-r C:/Users/GCCHackVM/hackthon/PNCAgent/PNCAI/backend/requirements.txt (line 6))
  Using cached tzdata-2026.4-py2.py3-none-any.whl.metadata (1.4 kB)
Collecting Mako (from alembic==1.15.2->-r C:/Users/GCCHackVM/hackthon/PNCAgent/PNCAI/backend/requirements.txt (line 7))
  Downloading mako-1.4.1-py3-none-any.whl.metadata (2.9 kB)
Requirement already satisfied: anyio in C:\Python314\Lib\site-packages (from httpx==0.28.1->-r C:/Users/GCCHackVM/hackthon/PNCAgent/PNCAI/backend/requirements.txt (line 8)) (4.15.1)
Requirement already satisfied: certifi in C:\Python314\Lib\site-packages (from httpx==0.28.1->-r C:/Users/GCCHackVM/hackthon/PNCAgent/PNCAI/backend/requirements.txt (line 8)) (2026.7.22)
Requirement already satisfied: httpcore==1.* in C:\Python314\Lib\site-packages (from httpx==0.28.1->-r C:/Users/GCCHackVM/hackthon/PNCAgent/PNCAI/backend/requirements.txt (line 8)) (1.0.9)
Requirement already satisfied: idna in C:\Python314\Lib\site-packages (from httpx==0.28.1->-r C:/Users/GCCHackVM/hackthon/PNCAgent/PNCAI/backend/requirements.txt (line 8)) (3.19)
Requirement already satisfied: colorama in C:\Python314\Lib\site-packages (from pytest==8.3.5->-r C:/Users/GCCHackVM/hackthon/PNCAgent/PNCAI/backend/requirements.txt (line 9)) (0.4.6)
Collecting iniconfig (from pytest==8.3.5->-r C:/Users/GCCHackVM/hackthon/PNCAgent/PNCAI/backend/requirements.txt (line 9))
  Downloading iniconfig-2.3.0-py3-none-any.whl.metadata (2.5 kB)
Collecting packaging (from pytest==8.3.5->-r C:/Users/GCCHackVM/hackthon/PNCAgent/PNCAI/backend/requirements.txt (line 9))
  Downloading packaging-26.3-py3-none-any.whl.metadata (3.5 kB)
Collecting pluggy<2,>=1.5 (from pytest==8.3.5->-r C:/Users/GCCHackVM/hackthon/PNCAgent/PNCAI/backend/requirements.txt (line 9))
  Downloading pluggy-1.6.0-py3-none-any.whl.metadata (4.8 kB)
INFO: pip is looking at multiple versions of psycopg[binary] to determine which version is compatible with other requirements. This could take a while.
